// Jest Snapshot v1, https://goo.gl/fbAQLP

exports[`ImportHAR renders without crashing 1`] = `
<NetworkProvider
  autoHighlightChange={false}
  data={null}
  fetchOptions={
    Object {
      "withCredentials": true,
    }
  }
  file={null}
  initialState={
    Immutable.Map {
      "errorFilter": false,
      "search": Object {
        "name": "url",
        "value": "",
      },
      "error": null,
      "scrollToIndex": null,
      "data": Immutable.List [],
      "selectedReqIndex": null,
      "reqDetail": null,
      "showReqDetail": false,
      "totalNetworkTime": null,
      "actualData": Immutable.List [],
      "filter": Object {
        "name": null,
        "value": null,
      },
      "dataSummary": Immutable.Map {},
      "loading": false,
      "sort": Object {
        "isAcs": true,
        "key": "startedDateTime",
      },
    }
  }
  onDataError={null}
  onDataLoaded={null}
  scrollRequestPosition="near"
  scrollTimeStamp={null}
>
  <ImportHar
    className={null}
    showButton={true}
  >
    <div
      onBlur={[Function]}
      onClick={[Function]}
      onDragEnter={[Function]}
      onDragLeave={[Function]}
      onDragOver={[Function]}
      onDrop={[Function]}
      onFocus={[Function]}
      onKeyDown={[Function]}
      tabIndex={0}
    >
      <input
        accept=".har"
        autoComplete="off"
        multiple={false}
        onChange={[Function]}
        onClick={[Function]}
        style={
          Object {
            "display": "none",
          }
        }
        tabIndex={-1}
        type="file"
      />
      <Button
        className={null}
        disabled={false}
        href={null}
        type="button"
        variant="default"
      >
        <button
          className="btn"
          disabled={false}
          href={null}
          type="button"
        >
          Import HAR
        </button>
      </Button>
    </div>
  </ImportHar>
</NetworkProvider>
`;
