// Jest Snapshot v1, https://goo.gl/fbAQLP

exports[`Response renders without crashing for content 1`] = `
<div>
  <div>
    <div>
      <CopyAllButton
        text="{\\"foo\\": \\"bar\\"}"
      />
    </div>
    <span>
      {"foo": "bar"}
    </span>
  </div>
</div>
`;

exports[`Response renders without crashing for no content 1`] = `<NoResponseText />`;
