// Jest Snapshot v1, https://goo.gl/fbAQLP

exports[`NetworkTableRow renders without crashing 1`] = `
<table>
  <tbody>
    <NetworkTableRow
      columns={
        Object {
          "domain": Object {
            "key": "domain",
            "name": "Domain",
          },
          "file": Object {
            "key": "filename",
            "name": "Path",
          },
          "method": Object {
            "key": "method",
            "name": "Method",
          },
          "size": Object {
            "key": "size",
            "name": "Size",
          },
          "status": Object {
            "key": "status",
            "name": "Status",
          },
          "time": Object {
            "key": "time",
            "name": "Time",
          },
          "type": Object {
            "key": "type",
            "name": "Type",
          },
          "waterfall": Object {
            "key": "waterfall",
            "name": "Waterfall",
          },
        }
      }
      maxTime={5000}
      onSelect={[Function]}
      payload={
        Object {
          "domain": "developer.mozilla.org",
          "filename": "slice",
          "index": 0,
          "method": "GET",
          "size": 135.04,
          "startedDateTime": "2019-10-14T08:47:11.592Z",
          "status": 200,
          "timings": Object {
            "_blocked_queueing": 4.382999992230907,
            "blocked": 5.496999992230907,
            "connect": -1,
            "dns": -1,
            "receive": 3.252000024076551,
            "send": 0.2819999999999998,
            "ssl": -1,
            "startTime": 0,
            "wait": 26.03899999633059,
          },
          "type": "html",
          "url": "https://developer.mozilla.org/en-US/docs/Web/JavaScript/Reference/Global_Objects/Array/slice",
        }
      }
      scrollHighlight={false}
    >
      <div
        className="network-table-row info"
        id="network-viewer-table-row-0"
        onClick={[Function]}
      >
        <NetworkCellValue
          datakey="domain"
          key="domain"
          payload={
            Object {
              "domain": "developer.mozilla.org",
              "filename": "slice",
              "index": 0,
              "method": "GET",
              "size": 135.04,
              "startedDateTime": "2019-10-14T08:47:11.592Z",
              "status": 200,
              "timings": Object {
                "_blocked_queueing": 4.382999992230907,
                "blocked": 5.496999992230907,
                "connect": -1,
                "dns": -1,
                "receive": 3.252000024076551,
                "send": 0.2819999999999998,
                "ssl": -1,
                "startTime": 0,
                "wait": 26.03899999633059,
              },
              "type": "html",
              "url": "https://developer.mozilla.org/en-US/docs/Web/JavaScript/Reference/Global_Objects/Array/slice",
            }
          }
          unit={null}
        >
          <div
            className="table-cell domain"
          >
            <span>
              developer.mozilla.org
            </span>
          </div>
        </NetworkCellValue>
        <NetworkCellValue
          datakey="filename"
          key="file"
          payload={
            Object {
              "domain": "developer.mozilla.org",
              "filename": "slice",
              "index": 0,
              "method": "GET",
              "size": 135.04,
              "startedDateTime": "2019-10-14T08:47:11.592Z",
              "status": 200,
              "timings": Object {
                "_blocked_queueing": 4.382999992230907,
                "blocked": 5.496999992230907,
                "connect": -1,
                "dns": -1,
                "receive": 3.252000024076551,
                "send": 0.2819999999999998,
                "ssl": -1,
                "startTime": 0,
                "wait": 26.03899999633059,
              },
              "type": "html",
              "url": "https://developer.mozilla.org/en-US/docs/Web/JavaScript/Reference/Global_Objects/Array/slice",
            }
          }
          unit={null}
        >
          <div
            className="table-cell filename"
          >
            <Tooltip
              className=""
              delay={500}
              hasArrow={true}
              placement="top"
              title="https://developer.mozilla.org/en-US/docs/Web/JavaScript/Reference/Global_Objects/Array/slice"
            >
              <span
                onBlur={[Function]}
                onClick={[Function]}
                onFocus={[Function]}
                onKeyDown={[Function]}
                onPointerDown={[Function]}
                onTouchStart={[Function]}
              >
                slice
              </span>
              <TooltipTransition
                isOpen={false}
              />
            </Tooltip>
          </div>
        </NetworkCellValue>
        <NetworkCellValue
          datakey="status"
          key="status"
          payload={
            Object {
              "domain": "developer.mozilla.org",
              "filename": "slice",
              "index": 0,
              "method": "GET",
              "size": 135.04,
              "startedDateTime": "2019-10-14T08:47:11.592Z",
              "status": 200,
              "timings": Object {
                "_blocked_queueing": 4.382999992230907,
                "blocked": 5.496999992230907,
                "connect": -1,
                "dns": -1,
                "receive": 3.252000024076551,
                "send": 0.2819999999999998,
                "ssl": -1,
                "startTime": 0,
                "wait": 26.03899999633059,
              },
              "type": "html",
              "url": "https://developer.mozilla.org/en-US/docs/Web/JavaScript/Reference/Global_Objects/Array/slice",
            }
          }
          unit={null}
        >
          <div
            className="table-cell status"
          >
            <span>
              200
            </span>
          </div>
        </NetworkCellValue>
        <NetworkCellValue
          datakey="method"
          key="method"
          payload={
            Object {
              "domain": "developer.mozilla.org",
              "filename": "slice",
              "index": 0,
              "method": "GET",
              "size": 135.04,
              "startedDateTime": "2019-10-14T08:47:11.592Z",
              "status": 200,
              "timings": Object {
                "_blocked_queueing": 4.382999992230907,
                "blocked": 5.496999992230907,
                "connect": -1,
                "dns": -1,
                "receive": 3.252000024076551,
                "send": 0.2819999999999998,
                "ssl": -1,
                "startTime": 0,
                "wait": 26.03899999633059,
              },
              "type": "html",
              "url": "https://developer.mozilla.org/en-US/docs/Web/JavaScript/Reference/Global_Objects/Array/slice",
            }
          }
          unit={null}
        >
          <div
            className="table-cell method"
          >
            <span>
              GET
            </span>
          </div>
        </NetworkCellValue>
        <NetworkCellValue
          datakey="type"
          key="type"
          payload={
            Object {
              "domain": "developer.mozilla.org",
              "filename": "slice",
              "index": 0,
              "method": "GET",
              "size": 135.04,
              "startedDateTime": "2019-10-14T08:47:11.592Z",
              "status": 200,
              "timings": Object {
                "_blocked_queueing": 4.382999992230907,
                "blocked": 5.496999992230907,
                "connect": -1,
                "dns": -1,
                "receive": 3.252000024076551,
                "send": 0.2819999999999998,
                "ssl": -1,
                "startTime": 0,
                "wait": 26.03899999633059,
              },
              "type": "html",
              "url": "https://developer.mozilla.org/en-US/docs/Web/JavaScript/Reference/Global_Objects/Array/slice",
            }
          }
          unit={null}
        >
          <div
            className="table-cell type"
          >
            <span>
              html
            </span>
          </div>
        </NetworkCellValue>
        <NetworkCellValue
          datakey="size"
          key="size"
          payload={
            Object {
              "domain": "developer.mozilla.org",
              "filename": "slice",
              "index": 0,
              "method": "GET",
              "size": 135.04,
              "startedDateTime": "2019-10-14T08:47:11.592Z",
              "status": 200,
              "timings": Object {
                "_blocked_queueing": 4.382999992230907,
                "blocked": 5.496999992230907,
                "connect": -1,
                "dns": -1,
                "receive": 3.252000024076551,
                "send": 0.2819999999999998,
                "ssl": -1,
                "startTime": 0,
                "wait": 26.03899999633059,
              },
              "type": "html",
              "url": "https://developer.mozilla.org/en-US/docs/Web/JavaScript/Reference/Global_Objects/Array/slice",
            }
          }
          unit={null}
        >
          <div
            className="table-cell size"
          >
            <span>
              135.04
            </span>
          </div>
        </NetworkCellValue>
        <NetworkCellValue
          datakey="time"
          key="time"
          payload={
            Object {
              "domain": "developer.mozilla.org",
              "filename": "slice",
              "index": 0,
              "method": "GET",
              "size": 135.04,
              "startedDateTime": "2019-10-14T08:47:11.592Z",
              "status": 200,
              "timings": Object {
                "_blocked_queueing": 4.382999992230907,
                "blocked": 5.496999992230907,
                "connect": -1,
                "dns": -1,
                "receive": 3.252000024076551,
                "send": 0.2819999999999998,
                "ssl": -1,
                "startTime": 0,
                "wait": 26.03899999633059,
              },
              "type": "html",
              "url": "https://developer.mozilla.org/en-US/docs/Web/JavaScript/Reference/Global_Objects/Array/slice",
            }
          }
          unit={null}
        >
          <div
            className="table-cell time"
          >
            <span />
          </div>
        </NetworkCellValue>
        <NetworkCellValue
          datakey="waterfall"
          key="waterfall"
          payload={
            Object {
              "domain": "developer.mozilla.org",
              "filename": "slice",
              "index": 0,
              "method": "GET",
              "size": 135.04,
              "startedDateTime": "2019-10-14T08:47:11.592Z",
              "status": 200,
              "timings": Object {
                "_blocked_queueing": 4.382999992230907,
                "blocked": 5.496999992230907,
                "connect": -1,
                "dns": -1,
                "receive": 3.252000024076551,
                "send": 0.2819999999999998,
                "ssl": -1,
                "startTime": 0,
                "wait": 26.03899999633059,
              },
              "type": "html",
              "url": "https://developer.mozilla.org/en-US/docs/Web/JavaScript/Reference/Global_Objects/Array/slice",
            }
          }
          unit={null}
        >
          <div
            className="table-cell waterfall"
          >
            <span />
          </div>
        </NetworkCellValue>
      </div>
    </NetworkTableRow>
  </tbody>
</table>
`;
