// Jest Snapshot v1, https://goo.gl/fbAQLP

exports[`NetworkTableHeader renders without crashing 1`] = `
<table>
  <NetworkTableHeader
    columns={
      Object {
        "domain": Object {
          "key": "domain",
          "name": "Domain",
        },
        "file": Object {
          "key": "filename",
          "name": "Path",
        },
        "method": Object {
          "key": "method",
          "name": "Method",
        },
        "size": Object {
          "key": "size",
          "name": "Size",
        },
        "status": Object {
          "key": "status",
          "name": "Status",
        },
        "time": Object {
          "key": "time",
          "name": "Time",
        },
        "type": Object {
          "key": "type",
          "name": "Type",
        },
        "waterfall": Object {
          "key": "waterfall",
          "name": "Waterfall",
        },
      }
    }
  >
    <div>
      <div
        className="domain"
        key="domain"
      >
        Domain
      </div>
      <div
        className="filename"
        key="file"
      >
        Path
      </div>
      <div
        className="status"
        key="status"
      >
        Status
      </div>
      <div
        className="method"
        key="method"
      >
        Method
      </div>
      <div
        className="type"
        key="type"
      >
        Type
      </div>
      <div
        className="size"
        key="size"
      >
        Size
      </div>
      <div
        className="time"
        key="time"
      >
        Time
      </div>
      <div
        className="waterfall"
        key="waterfall"
      >
        Waterfall
      </div>
    </div>
  </NetworkTableHeader>
</table>
`;
