// Jest Snapshot v1, https://goo.gl/fbAQLP

exports[`FilterContainer renders without crashing 1`] = `
<NetworkProvider
  autoHighlightChange={false}
  data={null}
  fetchOptions={
    Object {
      "withCredentials": true,
    }
  }
  file={null}
  initialState={
    Immutable.Map {
      "errorFilter": false,
      "search": Object {
        "name": "url",
        "value": "",
      },
      "error": null,
      "scrollToIndex": null,
      "data": Immutable.List [],
      "selectedReqIndex": null,
      "reqDetail": null,
      "showReqDetail": false,
      "totalNetworkTime": null,
      "actualData": Immutable.List [],
      "filter": Object {
        "name": null,
        "value": null,
      },
      "dataSummary": Immutable.Map {},
      "loading": false,
      "sort": Object {
        "isAcs": true,
        "key": "startedDateTime",
      },
    }
  }
  onDataError={null}
  onDataLoaded={null}
  scrollRequestPosition="near"
  scrollTimeStamp={null}
>
  <FilterContainer>
    <section>
      <Row>
        <div
          className="sc-bwzfXH FqmtD"
        >
          <Col
            md={5}
            sm={4}
            xs={12}
          >
            <div
              className="sc-htpNat cDbBBt"
            >
              <Search
                name="url"
                onChange={[Function]}
                value=""
              >
                <div>
                  <Dropdown
                    className={null}
                    items={
                      Array [
                        "url",
                        "body",
                      ]
                    }
                    onChange={[Function]}
                    selected="url"
                  >
                    <span
                      className="dropdown-container"
                    >
                      <Button
                        category="default"
                        className="dropdown-toggle"
                        disabled={false}
                        href={null}
                        material={true}
                        onClick={[Function]}
                        raised={false}
                        size="sm"
                        type="button"
                      >
                        <button
                          className="btn dropdown-toggle btn-sm btn-md-default"
                          disabled={false}
                          href={null}
                          onClick={[Function]}
                          type="button"
                        >
                          url
                        </button>
                      </Button>
                    </span>
                  </Dropdown>
                  <input
                    onChange={[Function]}
                    placeholder="Filter"
                    type="text"
                    value=""
                  />
                </div>
              </Search>
            </div>
          </Col>
          <Col
            md={7}
            sm={8}
            xs={12}
          >
            <div
              className="sc-htpNat dizpnI"
            >
              <div>
                <Button
                  category="default"
                  className="filter-button selected-filter"
                  disabled={false}
                  href={null}
                  key="All"
                  material={true}
                  onClick={[Function]}
                  raised={true}
                  size="sm"
                  type="button"
                >
                  <button
                    className="btn filter-button selected-filter btn-sm btn-md-default btn-md-default-raised btn-md-raised"
                    disabled={false}
                    href={null}
                    onClick={[Function]}
                    type="button"
                  >
                    All
                  </button>
                </Button>
                <Button
                  category="default"
                  className="filter-button"
                  disabled={false}
                  href={null}
                  key="XHR"
                  material={true}
                  onClick={[Function]}
                  raised={false}
                  size="sm"
                  type="button"
                >
                  <button
                    className="btn filter-button btn-sm btn-md-default"
                    disabled={false}
                    href={null}
                    onClick={[Function]}
                    type="button"
                  >
                    XHR
                  </button>
                </Button>
                <Button
                  category="default"
                  className="filter-button"
                  disabled={false}
                  href={null}
                  key="JS"
                  material={true}
                  onClick={[Function]}
                  raised={false}
                  size="sm"
                  type="button"
                >
                  <button
                    className="btn filter-button btn-sm btn-md-default"
                    disabled={false}
                    href={null}
                    onClick={[Function]}
                    type="button"
                  >
                    JS
                  </button>
                </Button>
                <Button
                  category="default"
                  className="filter-button"
                  disabled={false}
                  href={null}
                  key="CSS"
                  material={true}
                  onClick={[Function]}
                  raised={false}
                  size="sm"
                  type="button"
                >
                  <button
                    className="btn filter-button btn-sm btn-md-default"
                    disabled={false}
                    href={null}
                    onClick={[Function]}
                    type="button"
                  >
                    CSS
                  </button>
                </Button>
                <Button
                  category="default"
                  className="filter-button"
                  disabled={false}
                  href={null}
                  key="Img"
                  material={true}
                  onClick={[Function]}
                  raised={false}
                  size="sm"
                  type="button"
                >
                  <button
                    className="btn filter-button btn-sm btn-md-default"
                    disabled={false}
                    href={null}
                    onClick={[Function]}
                    type="button"
                  >
                    Img
                  </button>
                </Button>
                <Button
                  category="default"
                  className="filter-button"
                  disabled={false}
                  href={null}
                  key="Media"
                  material={true}
                  onClick={[Function]}
                  raised={false}
                  size="sm"
                  type="button"
                >
                  <button
                    className="btn filter-button btn-sm btn-md-default"
                    disabled={false}
                    href={null}
                    onClick={[Function]}
                    type="button"
                  >
                    Media
                  </button>
                </Button>
                <Button
                  category="default"
                  className="filter-button"
                  disabled={false}
                  href={null}
                  key="Font"
                  material={true}
                  onClick={[Function]}
                  raised={false}
                  size="sm"
                  type="button"
                >
                  <button
                    className="btn filter-button btn-sm btn-md-default"
                    disabled={false}
                    href={null}
                    onClick={[Function]}
                    type="button"
                  >
                    Font
                  </button>
                </Button>
                <Button
                  category="default"
                  className="filter-button"
                  disabled={false}
                  href={null}
                  key="Doc"
                  material={true}
                  onClick={[Function]}
                  raised={false}
                  size="sm"
                  type="button"
                >
                  <button
                    className="btn filter-button btn-sm btn-md-default"
                    disabled={false}
                    href={null}
                    onClick={[Function]}
                    type="button"
                  >
                    Doc
                  </button>
                </Button>
                <Button
                  category="default"
                  className="filter-button"
                  disabled={false}
                  href={null}
                  key="WS"
                  material={true}
                  onClick={[Function]}
                  raised={false}
                  size="sm"
                  type="button"
                >
                  <button
                    className="btn filter-button btn-sm btn-md-default"
                    disabled={false}
                    href={null}
                    onClick={[Function]}
                    type="button"
                  >
                    WS
                  </button>
                </Button>
                <Button
                  category="default"
                  className="filter-button"
                  disabled={false}
                  href={null}
                  key="Manifest"
                  material={true}
                  onClick={[Function]}
                  raised={false}
                  size="sm"
                  type="button"
                >
                  <button
                    className="btn filter-button btn-sm btn-md-default"
                    disabled={false}
                    href={null}
                    onClick={[Function]}
                    type="button"
                  >
                    Manifest
                  </button>
                </Button>
                <ErrorFilter
                  isError={false}
                  onChange={[Function]}
                >
                  <Checkbox
                    containerClassName=""
                    isChecked={false}
                    onChange={[Function]}
                    title="error"
                  >
                    <div
                      className="checkbox-container"
                    >
                      <label
                        title="error"
                      >
                        <input
                          checked={false}
                          onChange={[Function]}
                          type="checkbox"
                        />
                        Errors Only
                      </label>
                    </div>
                  </Checkbox>
                </ErrorFilter>
                <ImportHar
                  className={null}
                  showButton={true}
                >
                  <div
                    onBlur={[Function]}
                    onClick={[Function]}
                    onDragEnter={[Function]}
                    onDragLeave={[Function]}
                    onDragOver={[Function]}
                    onDrop={[Function]}
                    onFocus={[Function]}
                    onKeyDown={[Function]}
                    tabIndex={0}
                  >
                    <input
                      accept=".har"
                      autoComplete="off"
                      multiple={false}
                      onChange={[Function]}
                      onClick={[Function]}
                      style={
                        Object {
                          "display": "none",
                        }
                      }
                      tabIndex={-1}
                      type="file"
                    />
                    <Button
                      category="default"
                      className={null}
                      disabled={false}
                      href={null}
                      material={true}
                      raised={true}
                      size="sm"
                      type="button"
                    >
                      <button
                        className="btn btn-sm btn-md-default btn-md-default-raised btn-md-raised"
                        disabled={false}
                        href={null}
                        type="button"
                      >
                        Import HAR
                      </button>
                    </Button>
                  </div>
                </ImportHar>
                <Reset
                  className=""
                  onReset={[Function]}
                >
                  <Button
                    category="default"
                    className=""
                    disabled={false}
                    href={null}
                    material={true}
                    onClick={[Function]}
                    raised={true}
                    size="sm"
                    type="button"
                  >
                    <button
                      className="btn btn-sm btn-md-default btn-md-default-raised btn-md-raised"
                      disabled={false}
                      href={null}
                      onClick={[Function]}
                      type="button"
                    >
                      Reset
                    </button>
                  </Button>
                </Reset>
              </div>
            </div>
          </Col>
        </div>
      </Row>
    </section>
  </FilterContainer>
</NetworkProvider>
`;
