// Jest Snapshot v1, https://goo.gl/fbAQLP

exports[`ReqDetailContainer renders without crashing 1`] = `
<NetworkProvider
  autoHighlightChange={false}
  data={null}
  fetchOptions={
    Object {
      "withCredentials": true,
    }
  }
  file={null}
  initialState={
    Immutable.Map {
      "search": Object {
        "name": "URL",
        "value": "",
      },
      "error": null,
      "statusFilter": Object {
        "name": "All",
        "value": null,
      },
      "scrollToIndex": null,
      "data": Immutable.List [],
      "tableHeaderWidth": "100%",
      "selectedReqIndex": null,
      "reqDetail": null,
      "showReqDetail": false,
      "typeFilter": Object {
        "name": null,
        "value": null,
      },
      "rawData": Object {
        "log": Object {
          "creator": Object {
            "name": "",
            "version": "",
          },
          "entries": Array [],
          "pages": Array [],
          "version": "",
        },
      },
      "totalNetworkTime": null,
      "actualData": Immutable.List [],
      "dataSummary": Immutable.Map {},
      "loading": false,
      "sort": Object {
        "isAsc": true,
        "key": "startedDateTime",
      },
    }
  }
  onDataError={null}
  onDataLoaded={null}
  onPause={null}
  onRequestSelect={null}
  onReset={null}
  onResume={null}
  scrollRequestPosition="near"
  scrollTimeStamp={null}
>
  <ReqDetailContainer>
    <div>
      <button
        aria-label="Close button"
        onClick={[Function]}
        type="button"
      >
        <IconCloseSign
          className=""
        >
          <svg
            className=""
            height="24"
            viewBox="0 0 24 24"
            width="24"
            xmlns="http://www.w3.org/2000/svg"
          >
            <path
              clipRule="evenodd"
              d="M3.33792 3.33794C3.82607 2.84979 4.61753 2.84979 5.10569 3.33794L12 10.2322L18.8943 3.33794C19.3824 2.84979 20.1739 2.84979 20.662 3.33794C21.1502 3.8261 21.1502 4.61755 20.662 5.10571L13.7677 12L20.662 18.8943C21.1502 19.3824 21.1502 20.1739 20.662 20.6621C20.1739 21.1502 19.3824 21.1502 18.8943 20.6621L12 13.7678L5.10569 20.6621C4.61753 21.1502 3.82607 21.1502 3.33792 20.6621C2.84976 20.1739 2.84976 19.3824 3.33792 18.8943L10.2322 12L3.33792 5.10571C2.84976 4.61755 2.84976 3.8261 3.33792 3.33794Z"
              fillRule="evenodd"
            />
          </svg>
        </IconCloseSign>
      </button>
      <Tabs
        activeClassName={null}
        defaultSelectedKey="headers"
        navLinkClassName={null}
        navTabsClassName={null}
        onUpdate={null}
        selectedKey={null}
        tabsContainerClassName={null}
      >
        <nav
          className="nav-tabs"
        >
          <a
            className="tab-item undefined"
            key="headers"
            onClick={[Function]}
            role="tab"
            tabIndex={0}
          >
            Headers
          </a>
          <a
            className="tab-item"
            key="response"
            onClick={[Function]}
            role="tab"
            tabIndex={1}
          >
            Response
          </a>
        </nav>
        <section
          className=""
        >
          <Headers
            data={null}
          />
        </section>
      </Tabs>
    </div>
  </ReqDetailContainer>
</NetworkProvider>
`;
