// Jest Snapshot v1, https://goo.gl/fbAQLP

exports[`HeaderInfo renders without crashing 1`] = `
<div
  className="header-info"
>
  <HeaderTitle
    eventKey="general"
    isEncodeEnabled={false}
    isParseEnabled={false}
    isPayloadTransformed={true}
    onClick={[Function]}
    onPayloadTransform={[Function]}
  />
</div>
`;
