// Jest Snapshot v1, https://goo.gl/fbAQLP

exports[`HeaderInfo renders without crashing 1`] = `
<div
  className="header-info active"
>
  <HeaderTitle
    eventKey="general"
    isEncodeEnable={false}
    isParseEnable={false}
    isPayloadTransformed={true}
    onClick={[Function]}
    onPayloadTransform={[Function]}
  />
  <ChildComponent />
</div>
`;
