// Jest Snapshot v1, https://goo.gl/fbAQLP

exports[`SectionInfo renders without crashing 1`] = `
<Fragment>
  <SectionTitle
    eventKey="general"
    isEncodeEnabled={false}
    isOpen={false}
    isParseEnabled={false}
    isPayloadTransformed={true}
    onClick={[Function]}
    onPayloadTransform={[Function]}
  />
</Fragment>
`;
